cargo :     Finished `test` profile [unoptimized + 
debuginfo] target(s) in 2.20s
At line:1 char:1
+ cargo test -p yunet-utils test_vignette_mask_application 
-- --nocaptu ...
+ ~~~~~~~~~~~~~~~~~~~~~~~~~~~~~~~~~~~~~~~~~~~~~~~~~~~~~~~~~
~~~~~~~~~~~~
    + CategoryInfo          : NotSpecified: (    Finished  
   `t...get(s) in 2.20s:String) [], RemoteException
    + FullyQualifiedErrorId : NativeCommandError
 
     Running unittests src\lib.rs 
(target\debug\deps\yunet_utils-8a3fb078edbb17c1.exe)

running 1 test

thread 
'shape_tests::tests::test_vignette_mask_application' 
panicked at yunet-utils\src\shape_tests.rs:94:9:
assertion failed: alpha_vig < alpha_no || alpha_vig < 255
stack backtrace:
   0: std::panicking::begin_panic_handler
             at /rustc/1159e78c4747b02ef996e55082b704c09b97
0588/library\std\src\panicking.rs:697
   1: core::panicking::panic_fmt
             at /rustc/1159e78c4747b02ef996e55082b704c09b97
0588/library\core\src\panicking.rs:75
   2: core::panicking::panic
             at /rustc/1159e78c4747b02ef996e55082b704c09b97
0588/library\core\src\panicking.rs:145
   3: yunet_utils::shape_tests::tests::test_vignette_mask_a
pplication
             at .\src\shape_tests.rs:94
   4: yunet_utils::shape_tests::tests::test_vignette_mask_a
pplication::closure$0
             at .\src\shape_tests.rs:56
   5: core::ops::function::FnOnce::call_once<yunet_utils::s
hape_tests::tests::test_vignette_mask_application::closure_
env$0,tuple$<> >
             at C:\Users\grego\.rustup\toolchains\stable-x8
6_64-pc-windows-msvc\lib\rustlib\src\rust\library\core\src\
ops\function.rs:253
   6: core::ops::function::FnOnce::call_once
             at /rustc/1159e78c4747b02ef996e55082b704c09b97
0588/library\core\src\ops\function.rs:253
note: Some details are omitted, run with 
`RUST_BACKTRACE=full` for a verbose backtrace.
test shape_tests::tests::test_vignette_mask_application ... FAILED

failures:

failures:
    shape_tests::tests::test_vignette_mask_application

test result: FAILED. 0 passed; 1 failed; 0 ignored; 0 measured; 52 filtered out; finished in 0.75s

error: test failed, to rerun pass `-p yunet-utils --lib`
